// Jest Snapshot v1, https://goo.gl/fbAQLP

exports[`renders a Card should render same snapshots of card component 1`] = `
<styled.div>
  <img
    alt="monster"
    src="https://robohash.org/1?set=set2&size=180x180"
  />
  <h2>
    test
  </h2>
  <p>
    test@test.com
  </p>
</styled.div>
`;
